api/invoke-gemini.ts(44,118): error TS2554: Expected 3 arguments, but got 4.
api/invoke-gemini.ts(47,167): error TS2554: Expected 2-5 arguments, but got 6.
api/invoke-gemini.ts(50,95): error TS2345: Argument of type '(step: any) => void' is not assignable to parameter of type 'string'.
api/utils/gemini-core.ts(1259,21): error TS2304: Cannot find name 'ai'.
api/utils/gemini-core.ts(1482,30): error TS2339: Property 'text' does not exist on type 'unknown'.
api/utils/gemini-core.ts(1562,21): error TS2304: Cannot find name 'ai'.
api/utils/gemini-core.ts(1734,30): error TS2339: Property 'text' does not exist on type 'unknown'.
api/utils/gemini-core.ts(1928,19): error TS2304: Cannot find name 'ai'.
api/utils/gemini-core.ts(1964,28): error TS2339: Property 'text' does not exist on type 'unknown'.
src/App.tsx(1650,42): error TS2345: Argument of type '{ chatHistory: ChatMessage[]; updatedAt: number; id: string; title: string; topic: string; createdAt: number; mode?: "investigator" | "clinical" | "epidemiology_macro" | "immunology"; ... 10 more ...; isPinned?: boolean; }' is not assignable to parameter of type 'string'.
src/App.tsx(1658,17): error TS2339: Property 'newDiscovery' does not exist on type 'KnowledgeConnection[]'.
src/App.tsx(1658,39): error TS2339: Property 'newDiscovery' does not exist on type 'KnowledgeConnection[]'.
src/App.tsx(1672,79): error TS2339: Property 'newDiscovery' does not exist on type 'KnowledgeConnection[]'.
src/App.tsx(1674,94): error TS2339: Property 'newDiscovery' does not exist on type 'KnowledgeConnection[]'.
src/App.tsx(1677,98): error TS2339: Property 'newDiscovery' does not exist on type 'KnowledgeConnection[]'.
src/App.tsx(1680,96): error TS2339: Property 'newDiscovery' does not exist on type 'KnowledgeConnection[]'.
src/App.tsx(1683,94): error TS2339: Property 'newDiscovery' does not exist on type 'KnowledgeConnection[]'.
src/App.tsx(1698,138): error TS2339: Property 'newDiscovery' does not exist on type 'KnowledgeConnection[]'.
src/App.tsx(1704,25): error TS2345: Argument of type '{ chatHistory: (KnowledgeConnection[] | ChatMessage)[]; updatedAt: number; id: string; title: string; topic: string; createdAt: number; mode?: "investigator" | "clinical" | "epidemiology_macro" | "immunology"; ... 10 more ...; isPinned?: boolean; }' is not assignable to parameter of type 'SetStateAction<Session>'.
  Type '{ chatHistory: (KnowledgeConnection[] | ChatMessage)[]; updatedAt: number; id: string; title: string; topic: string; createdAt: number; mode?: "investigator" | "clinical" | "epidemiology_macro" | "immunology"; ... 10 more ...; isPinned?: boolean; }' is not assignable to type 'Session'.
    Types of property 'chatHistory' are incompatible.
      Type '(KnowledgeConnection[] | ChatMessage)[]' is not assignable to type 'ChatMessage[]'.
        Type 'KnowledgeConnection[] | ChatMessage' is not assignable to type 'ChatMessage'.
          Type 'KnowledgeConnection[]' is missing the following properties from type 'ChatMessage': id, role, content, timestamp
src/App.tsx(1705,25): error TS2345: Argument of type '{ chatHistory: (KnowledgeConnection[] | ChatMessage)[]; updatedAt: number; id: string; title: string; topic: string; createdAt: number; mode?: "investigator" | "clinical" | "epidemiology_macro" | "immunology"; ... 10 more ...; isPinned?: boolean; }' is not assignable to parameter of type 'Session'.
  Types of property 'chatHistory' are incompatible.
    Type '(KnowledgeConnection[] | ChatMessage)[]' is not assignable to type 'ChatMessage[]'.
      Type 'KnowledgeConnection[] | ChatMessage' is not assignable to type 'ChatMessage'.
        Type 'KnowledgeConnection[]' is missing the following properties from type 'ChatMessage': id, role, content, timestamp
src/App.tsx(1753,88): error TS2554: Expected 3 arguments, but got 6.
src/App.tsx(6039,73): error TS2345: Argument of type 'Patient' is not assignable to parameter of type '(step: ReasoningStep) => void'.
  Type 'Patient' provides no match for the signature '(step: ReasoningStep): void'.
src/App.tsx(6051,52): error TS2345: Argument of type 'ClinicalResult' is not assignable to parameter of type 'SetStateAction<DeltaAnalysisResult>'.
  Type 'ClinicalResult' is missing the following properties from type 'DeltaAnalysisResult': patientDni, patientName, comparisonPeriod, improvements, and 6 more.
src/App.tsx(6063,37): error TS2740: Type 'ClinicalResult' is missing the following properties from type 'DeltaAnalysisResult': patientDni, patientName, comparisonPeriod, improvements, and 6 more.
